# QEMU configure log Mon May 18 19:26:37 CST 2026
# Configured with: '../configure' '--target-list=linx-linux-user' '--disable-werror' '--with-git-submodules=validate'
#

funcs: do_compiler do_cc compile_object check_define main
lines: 145 181 462 479 0
cc -std=gnu11 -Wall -D_GNU_SOURCE -D_FILE_OFFSET_BITS=64 -D_LARGEFILE_SOURCE -Wstrict-prototypes -Wredundant-decls -Wundef -Wwrite-strings -Wmissing-prototypes -fno-strict-aliasing -fno-common -fwrapv -c -o config-temp/qemu-conf.o config-temp/qemu-conf.c
config-temp/qemu-conf.c:2:2: error: __linux__ not defined
    2 | #error __linux__ not defined
      |  ^
1 error generated.

funcs: do_compiler do_cc compile_object check_define main
lines: 145 181 462 481 0
cc -std=gnu11 -Wall -D_GNU_SOURCE -D_FILE_OFFSET_BITS=64 -D_LARGEFILE_SOURCE -Wstrict-prototypes -Wredundant-decls -Wundef -Wwrite-strings -Wmissing-prototypes -fno-strict-aliasing -fno-common -fwrapv -c -o config-temp/qemu-conf.o config-temp/qemu-conf.c
config-temp/qemu-conf.c:2:2: error: _WIN32 not defined
    2 | #error _WIN32 not defined
      |  ^
1 error generated.

funcs: do_compiler do_cc compile_object check_define main
lines: 145 181 462 483 0
cc -std=gnu11 -Wall -D_GNU_SOURCE -D_FILE_OFFSET_BITS=64 -D_LARGEFILE_SOURCE -Wstrict-prototypes -Wredundant-decls -Wundef -Wwrite-strings -Wmissing-prototypes -fno-strict-aliasing -fno-common -fwrapv -c -o config-temp/qemu-conf.o config-temp/qemu-conf.c
config-temp/qemu-conf.c:2:2: error: __OpenBSD__ not defined
    2 | #error __OpenBSD__ not defined
      |  ^
1 error generated.

funcs: do_compiler do_cc compile_object check_define main
lines: 145 181 462 485 0
cc -std=gnu11 -Wall -D_GNU_SOURCE -D_FILE_OFFSET_BITS=64 -D_LARGEFILE_SOURCE -Wstrict-prototypes -Wredundant-decls -Wundef -Wwrite-strings -Wmissing-prototypes -fno-strict-aliasing -fno-common -fwrapv -c -o config-temp/qemu-conf.o config-temp/qemu-conf.c
config-temp/qemu-conf.c:2:2: error: __sun__ not defined
    2 | #error __sun__ not defined
      |  ^
1 error generated.

funcs: do_compiler do_cc compile_object check_define main
lines: 145 181 462 487 0
cc -std=gnu11 -Wall -D_GNU_SOURCE -D_FILE_OFFSET_BITS=64 -D_LARGEFILE_SOURCE -Wstrict-prototypes -Wredundant-decls -Wundef -Wwrite-strings -Wmissing-prototypes -fno-strict-aliasing -fno-common -fwrapv -c -o config-temp/qemu-conf.o config-temp/qemu-conf.c
config-temp/qemu-conf.c:2:2: error: __HAIKU__ not defined
    2 | #error __HAIKU__ not defined
      |  ^
1 error generated.

funcs: do_compiler do_cc compile_object check_define main
lines: 145 181 462 489 0
cc -std=gnu11 -Wall -D_GNU_SOURCE -D_FILE_OFFSET_BITS=64 -D_LARGEFILE_SOURCE -Wstrict-prototypes -Wredundant-decls -Wundef -Wwrite-strings -Wmissing-prototypes -fno-strict-aliasing -fno-common -fwrapv -c -o config-temp/qemu-conf.o config-temp/qemu-conf.c
config-temp/qemu-conf.c:2:2: error: __FreeBSD__ not defined
    2 | #error __FreeBSD__ not defined
      |  ^
1 error generated.

funcs: do_compiler do_cc compile_object check_define main
lines: 145 181 462 491 0
cc -std=gnu11 -Wall -D_GNU_SOURCE -D_FILE_OFFSET_BITS=64 -D_LARGEFILE_SOURCE -Wstrict-prototypes -Wredundant-decls -Wundef -Wwrite-strings -Wmissing-prototypes -fno-strict-aliasing -fno-common -fwrapv -c -o config-temp/qemu-conf.o config-temp/qemu-conf.c
config-temp/qemu-conf.c:2:2: error: __FreeBSD_kernel__ not defined
    2 | #error __FreeBSD_kernel__ not defined
      |  ^
1 error generated.

funcs: do_compiler do_cc compile_object check_define main
lines: 145 181 462 493 0
cc -std=gnu11 -Wall -D_GNU_SOURCE -D_FILE_OFFSET_BITS=64 -D_LARGEFILE_SOURCE -Wstrict-prototypes -Wredundant-decls -Wundef -Wwrite-strings -Wmissing-prototypes -fno-strict-aliasing -fno-common -fwrapv -c -o config-temp/qemu-conf.o config-temp/qemu-conf.c
config-temp/qemu-conf.c:2:2: error: __DragonFly__ not defined
    2 | #error __DragonFly__ not defined
      |  ^
1 error generated.

funcs: do_compiler do_cc compile_object check_define main
lines: 145 181 462 495 0
cc -std=gnu11 -Wall -D_GNU_SOURCE -D_FILE_OFFSET_BITS=64 -D_LARGEFILE_SOURCE -Wstrict-prototypes -Wredundant-decls -Wundef -Wwrite-strings -Wmissing-prototypes -fno-strict-aliasing -fno-common -fwrapv -c -o config-temp/qemu-conf.o config-temp/qemu-conf.c
config-temp/qemu-conf.c:2:2: error: __NetBSD__ not defined
    2 | #error __NetBSD__ not defined
      |  ^
1 error generated.

funcs: do_compiler do_cc compile_object check_define main
lines: 145 181 462 497 0
cc -std=gnu11 -Wall -D_GNU_SOURCE -D_FILE_OFFSET_BITS=64 -D_LARGEFILE_SOURCE -Wstrict-prototypes -Wredundant-decls -Wundef -Wwrite-strings -Wmissing-prototypes -fno-strict-aliasing -fno-common -fwrapv -c -o config-temp/qemu-conf.o config-temp/qemu-conf.c

funcs: do_compiler do_cc compile_object check_define main
lines: 145 181 462 573 0
cc -std=gnu11 -Wall -DOS_OBJECT_USE_OBJC=0 -D_GNU_SOURCE -D_FILE_OFFSET_BITS=64 -D_LARGEFILE_SOURCE -Wstrict-prototypes -Wredundant-decls -Wundef -Wwrite-strings -Wmissing-prototypes -fno-strict-aliasing -fno-common -fwrapv -c -o config-temp/qemu-conf.o config-temp/qemu-conf.c
config-temp/qemu-conf.c:2:2: error: __i386__ not defined
    2 | #error __i386__ not defined
      |  ^
1 error generated.

funcs: do_compiler do_cc compile_object check_define main
lines: 145 181 462 575 0
cc -std=gnu11 -Wall -DOS_OBJECT_USE_OBJC=0 -D_GNU_SOURCE -D_FILE_OFFSET_BITS=64 -D_LARGEFILE_SOURCE -Wstrict-prototypes -Wredundant-decls -Wundef -Wwrite-strings -Wmissing-prototypes -fno-strict-aliasing -fno-common -fwrapv -c -o config-temp/qemu-conf.o config-temp/qemu-conf.c
config-temp/qemu-conf.c:2:2: error: __x86_64__ not defined
    2 | #error __x86_64__ not defined
      |  ^
1 error generated.

funcs: do_compiler do_cc compile_object check_define main
lines: 145 181 462 581 0
cc -std=gnu11 -Wall -DOS_OBJECT_USE_OBJC=0 -D_GNU_SOURCE -D_FILE_OFFSET_BITS=64 -D_LARGEFILE_SOURCE -Wstrict-prototypes -Wredundant-decls -Wundef -Wwrite-strings -Wmissing-prototypes -fno-strict-aliasing -fno-common -fwrapv -c -o config-temp/qemu-conf.o config-temp/qemu-conf.c
config-temp/qemu-conf.c:2:2: error: __sparc__ not defined
    2 | #error __sparc__ not defined
      |  ^
1 error generated.

funcs: do_compiler do_cc compile_object check_define main
lines: 145 181 462 587 0
cc -std=gnu11 -Wall -DOS_OBJECT_USE_OBJC=0 -D_GNU_SOURCE -D_FILE_OFFSET_BITS=64 -D_LARGEFILE_SOURCE -Wstrict-prototypes -Wredundant-decls -Wundef -Wwrite-strings -Wmissing-prototypes -fno-strict-aliasing -fno-common -fwrapv -c -o config-temp/qemu-conf.o config-temp/qemu-conf.c
config-temp/qemu-conf.c:2:2: error: _ARCH_PPC not defined
    2 | #error _ARCH_PPC not defined
      |  ^
1 error generated.

funcs: do_compiler do_cc compile_object check_define main
lines: 145 181 462 597 0
cc -std=gnu11 -Wall -DOS_OBJECT_USE_OBJC=0 -D_GNU_SOURCE -D_FILE_OFFSET_BITS=64 -D_LARGEFILE_SOURCE -Wstrict-prototypes -Wredundant-decls -Wundef -Wwrite-strings -Wmissing-prototypes -fno-strict-aliasing -fno-common -fwrapv -c -o config-temp/qemu-conf.o config-temp/qemu-conf.c
config-temp/qemu-conf.c:2:2: error: __mips__ not defined
    2 | #error __mips__ not defined
      |  ^
1 error generated.

funcs: do_compiler do_cc compile_object check_define main
lines: 145 181 462 599 0
cc -std=gnu11 -Wall -DOS_OBJECT_USE_OBJC=0 -D_GNU_SOURCE -D_FILE_OFFSET_BITS=64 -D_LARGEFILE_SOURCE -Wstrict-prototypes -Wredundant-decls -Wundef -Wwrite-strings -Wmissing-prototypes -fno-strict-aliasing -fno-common -fwrapv -c -o config-temp/qemu-conf.o config-temp/qemu-conf.c
config-temp/qemu-conf.c:2:2: error: __s390__ not defined
    2 | #error __s390__ not defined
      |  ^
1 error generated.

funcs: do_compiler do_cc compile_object check_define main
lines: 145 181 462 605 0
cc -std=gnu11 -Wall -DOS_OBJECT_USE_OBJC=0 -D_GNU_SOURCE -D_FILE_OFFSET_BITS=64 -D_LARGEFILE_SOURCE -Wstrict-prototypes -Wredundant-decls -Wundef -Wwrite-strings -Wmissing-prototypes -fno-strict-aliasing -fno-common -fwrapv -c -o config-temp/qemu-conf.o config-temp/qemu-conf.c
config-temp/qemu-conf.c:2:2: error: __riscv not defined
    2 | #error __riscv not defined
      |  ^
1 error generated.

funcs: do_compiler do_cc compile_object check_define main
lines: 145 181 462 607 0
cc -std=gnu11 -Wall -DOS_OBJECT_USE_OBJC=0 -D_GNU_SOURCE -D_FILE_OFFSET_BITS=64 -D_LARGEFILE_SOURCE -Wstrict-prototypes -Wredundant-decls -Wundef -Wwrite-strings -Wmissing-prototypes -fno-strict-aliasing -fno-common -fwrapv -c -o config-temp/qemu-conf.o config-temp/qemu-conf.c
config-temp/qemu-conf.c:2:2: error: __linx not defined
    2 | #error __linx not defined
      |  ^
1 error generated.

funcs: do_compiler do_cc compile_object check_define main
lines: 145 181 462 609 0
cc -std=gnu11 -Wall -DOS_OBJECT_USE_OBJC=0 -D_GNU_SOURCE -D_FILE_OFFSET_BITS=64 -D_LARGEFILE_SOURCE -Wstrict-prototypes -Wredundant-decls -Wundef -Wwrite-strings -Wmissing-prototypes -fno-strict-aliasing -fno-common -fwrapv -c -o config-temp/qemu-conf.o config-temp/qemu-conf.c
config-temp/qemu-conf.c:2:2: error: __arm__ not defined
    2 | #error __arm__ not defined
      |  ^
1 error generated.

funcs: do_compiler do_cc compile_object check_define main
lines: 145 181 462 611 0
cc -std=gnu11 -Wall -DOS_OBJECT_USE_OBJC=0 -D_GNU_SOURCE -D_FILE_OFFSET_BITS=64 -D_LARGEFILE_SOURCE -Wstrict-prototypes -Wredundant-decls -Wundef -Wwrite-strings -Wmissing-prototypes -fno-strict-aliasing -fno-common -fwrapv -c -o config-temp/qemu-conf.o config-temp/qemu-conf.c

funcs: do_compiler do_cc compile_object main
lines: 145 181 1363 0
cc -std=gnu11 -Wall -DOS_OBJECT_USE_OBJC=0 -D_GNU_SOURCE -D_FILE_OFFSET_BITS=64 -D_LARGEFILE_SOURCE -Wstrict-prototypes -Wredundant-decls -Wundef -Wwrite-strings -Wmissing-prototypes -fno-strict-aliasing -fno-common -fwrapv -c -o config-temp/qemu-conf.o config-temp/qemu-conf.c

funcs: do_compiler do_cc compile_prog main
lines: 145 187 1368 0
cc -std=gnu11 -Wall -DOS_OBJECT_USE_OBJC=0 -D_GNU_SOURCE -D_FILE_OFFSET_BITS=64 -D_LARGEFILE_SOURCE -Wstrict-prototypes -Wredundant-decls -Wundef -Wwrite-strings -Wmissing-prototypes -fno-strict-aliasing -fno-common -fwrapv -o config-temp/qemu-conf.exe config-temp/qemu-conf.c
